ERC report (2025-12-23T22:39:26+0100, Encoding UTF8)

***** Sheet /
[power_pin_not_driven]: Input Power pin not driven by any Output Power pins
    ; error
    @(7250 mils, 750 mils): Symbol #PWR09 Pin 1 [Power input, Line]
[power_pin_not_driven]: Input Power pin not driven by any Output Power pins
    ; error
    @(7350 mils, 3150 mils): Symbol #PWR01 Pin 1 [Power input, Line]
[power_pin_not_driven]: Input Power pin not driven by any Output Power pins
    ; error
    @(7250 mils, 3450 mils): Symbol #PWR010 Pin 1 [Power input, Line]
[pin_not_connected]: Pin not connected
    ; error
    @(5350 mils, 6150 mils): Symbol U2 Pin 5 [+, Input, Line]
[pin_not_driven]: Input pin not driven by any Output pins
    ; error
    @(5350 mils, 6150 mils): Symbol U2 Pin 5 [+, Input, Line]
[pin_not_connected]: Pin not connected
    ; error
    @(5350 mils, 6350 mils): Symbol U2 Pin 6 [-, Input, Line]
[pin_not_driven]: Input pin not driven by any Output pins
    ; error
    @(5350 mils, 6350 mils): Symbol U2 Pin 6 [-, Input, Line]
[pin_not_connected]: Pin not connected
    ; error
    @(5950 mils, 6250 mils): Symbol U2 Pin 7 [Output, Line]

 ** ERC messages: 8  Errors 8  Warnings 0
