FILE_TYPE=LIBRARY_PARTS;
PRIMITIVE 'TNPW06031K00BEEA','TNPW06031K00BEEA_Resistor Chip';
  PIN
    '1':
      PIN_NUMBER='(1)';
      NO_LOAD_CHECK=BOTH;
      NO_IO_CHECK=BOTH;
      ALLOW_CONNECT=TRUE;
      PINUSE='UNSPEC';
    '2':
      PIN_NUMBER='(2)';
      NO_LOAD_CHECK=BOTH;
      NO_IO_CHECK=BOTH;
      ALLOW_CONNECT=TRUE;
      PINUSE='UNSPEC';
  END_PIN;
  BODY
    PART_NAME='TNPW06031K00BEEA';
    PHYS_DES_PREFIX='R';
    NO_LOAD_CHECK='TRUE';
    PIN_COUNT='2';
    BODY_NAME='TNPW06031K00BEEA';
    JEDEC_TYPE='RESC1608X55N';
  END_BODY;
END_PRIMITIVE;
END.
