FILE_TYPE=LIBRARY_PARTS;
PRIMITIVE 'UES1H100MPM1TD','UES1H100MPM1TD_Capacitor, Polarized Radial Diameter';
  PIN
    '+':
      PIN_NUMBER='(1)';
      NO_LOAD_CHECK=BOTH;
      NO_IO_CHECK=BOTH;
      ALLOW_CONNECT=TRUE;
      PINUSE='UNSPEC';
    '-':
      PIN_NUMBER='(2)';
      NO_LOAD_CHECK=BOTH;
      NO_IO_CHECK=BOTH;
      ALLOW_CONNECT=TRUE;
      PINUSE='UNSPEC';
  END_PIN;
  BODY
    PART_NAME='UES1H100MPM1TD';
    PHYS_DES_PREFIX='C';
    NO_LOAD_CHECK='TRUE';
    PIN_COUNT='2';
    BODY_NAME='UES1H100MPM1TD';
    JEDEC_TYPE='CAPPRD350W60D825H1300';
  END_BODY;
END_PRIMITIVE;
END.
